Microsoft (R) Macro Assembler Version 14.24.28316.0	    10/13/20 19:34:15
Source1.asm						     Page 1 - 1


				.386
				.MODEL FLAT, C
				EXTERN  lstrlenA@4: PROC	; функция определения длины строки
				EXTERN _CFUNC: PROC

 00000000			.CODE
 00000000			@FUNC@8 PROC
					
 00000000			@FUNC@8 ENDP

				END
Microsoft (R) Macro Assembler Version 14.24.28316.0	    10/13/20 19:34:15
Source1.asm						     Symbols 2 - 1




Segments and Groups:

                N a m e                 Size     Length   Align   Combine Class

FLAT . . . . . . . . . . . . . .	GROUP
_DATA  . . . . . . . . . . . . .	32 Bit	 00000000 DWord	  Public  'DATA'	
_TEXT  . . . . . . . . . . . . .	32 Bit	 00000000 DWord	  Public  'CODE'	


Procedures, parameters, and locals:

                N a m e                 Type     Value    Attr

@FUNC@8  . . . . . . . . . . . .	P Near	 00000000 _TEXT	Length= 00000000 Public C


Symbols:

                N a m e                 Type     Value    Attr

@CodeSize  . . . . . . . . . . .	Number	 00000000h   
@DataSize  . . . . . . . . . . .	Number	 00000000h   
@Interface . . . . . . . . . . .	Number	 00000001h   
@Model . . . . . . . . . . . . .	Number	 00000007h   
@code  . . . . . . . . . . . . .	Text   	 _TEXT
@data  . . . . . . . . . . . . .	Text   	 FLAT
@fardata?  . . . . . . . . . . .	Text   	 FLAT
@fardata . . . . . . . . . . . .	Text   	 FLAT
@stack . . . . . . . . . . . . .	Text   	 FLAT
_CFUNC . . . . . . . . . . . . .	L Near	 00000000 FLAT	External C
lstrlenA@4 . . . . . . . . . . .	L Near	 00000000 FLAT	External C

	   0 Warnings
	   0 Errors
